// Jest Snapshot v1, https://goo.gl/fbAQLP

exports[`Button renders properly 1`] = `
ShallowWrapper {
  Symbol(enzyme.__root__): [Circular],
  Symbol(enzyme.__unrendered__): <styled.button
    theme={
      Object {
        "colors": Object {
          "black": "#313131",
          "disabled": "#bababa",
          "green": "#13c413",
          "grey": "#7D7D7D",
          "primary": "#5862EF",
          "secondary": "#F50E5C",
        },
        "colorsHover": Object {
          "black": "#7D7D7D",
          "disabled": "#bababa",
          "green": "#16e016",
          "primary": "#626BEF",
          "secondary": "#FC3679",
        },
      }
    }
  />,
  Symbol(enzyme.__renderer__): Object {
    "batchedUpdates": [Function],
    "getNode": [Function],
    "render": [Function],
    "simulateError": [Function],
    "simulateEvent": [Function],
    "unmount": [Function],
  },
  Symbol(enzyme.__node__): Object {
    "instance": null,
    "key": undefined,
    "nodeType": "host",
    "props": Object {
      "className": "sc-bdVaJa XvYMz",
    },
    "ref": null,
    "rendered": null,
    "type": "button",
  },
  Symbol(enzyme.__nodes__): Array [
    Object {
      "instance": null,
      "key": undefined,
      "nodeType": "host",
      "props": Object {
        "className": "sc-bdVaJa XvYMz",
      },
      "ref": null,
      "rendered": null,
      "type": "button",
    },
  ],
  Symbol(enzyme.__options__): Object {
    "adapter": ReactSixteenAdapter {
      "options": Object {
        "enableComponentDidUpdateOnSetState": true,
        "lifecycles": Object {
          "componentDidUpdate": Object {
            "onSetState": true,
          },
          "getDerivedStateFromProps": true,
          "getSnapshotBeforeUpdate": true,
          "setState": Object {
            "skipsComponentDidUpdateOnNullish": true,
          },
        },
      },
    },
  },
}
`;
